[debug] [2026-08-31T12:53:52.187Z] ----------------------------------------------------------------------
[debug] [2026-08-31T12:53:52.189Z] Command:       /Users/patryk/.nvm/versions/node/v18.19.1/bin/node /usr/local/bin/firebase projects:list
[debug] [2026-08-31T12:53:52.190Z] CLI Version:   11.25.2
[debug] [2026-08-31T12:53:52.190Z] Platform:      darwin
[debug] [2026-08-31T12:53:52.190Z] Node Version:  v18.19.1
[debug] [2026-08-31T12:53:52.191Z] Time:          Mon Aug 31 2026 14:53:52 GMT+0200 (Central European Summer Time)
[debug] [2026-08-31T12:53:52.191Z] ----------------------------------------------------------------------
[debug] 
[debug] [2026-08-31T12:53:52.194Z] >>> [apiv2][query] GET https://firebase-public.firebaseio.com/cli.json [none]
[debug] [2026-08-31T12:53:52.312Z] > command requires scopes: ["email","openid","https://www.googleapis.com/auth/cloudplatformprojects.readonly","https://www.googleapis.com/auth/firebase","https://www.googleapis.com/auth/cloud-platform"]
[debug] [2026-08-31T12:53:52.312Z] > authorizing via signed-in user (bialek.family@gmail.com)
[debug] [2026-08-31T12:53:52.318Z] > refreshing access token with scopes: []
[debug] [2026-08-31T12:53:52.319Z] >>> [apiv2][query] POST https://www.googleapis.com/oauth2/v3/token [none]
[debug] [2026-08-31T12:53:52.319Z] >>> [apiv2][body] POST https://www.googleapis.com/oauth2/v3/token [omitted]
[debug] [2026-08-31T12:53:52.423Z] <<< [apiv2][status] POST https://www.googleapis.com/oauth2/v3/token 400
[debug] [2026-08-31T12:53:52.423Z] <<< [apiv2][body] POST https://www.googleapis.com/oauth2/v3/token [omitted]
[debug] [2026-08-31T12:53:52.424Z] >>> [apiv2][query] GET https://firebase.googleapis.com/v1beta1/projects pageSize=1000
[debug] [2026-08-31T12:53:52.634Z] <<< [apiv2][status] GET https://firebase-public.firebaseio.com/cli.json 200
[debug] [2026-08-31T12:53:52.635Z] <<< [apiv2][body] GET https://firebase-public.firebaseio.com/cli.json {"cloudBuildErrorAfter":1594252800000,"cloudBuildWarnAfter":1590019200000,"defaultNode10After":1594252800000,"minVersion":"3.0.5","node8DeploysDisabledAfter":1613390400000,"node8RuntimeDisabledAfter":1615809600000,"node8WarnAfter":1600128000000}
[debug] [2026-08-31T12:53:52.731Z] <<< [apiv2][status] GET https://firebase.googleapis.com/v1beta1/projects 401
[debug] [2026-08-31T12:53:52.731Z] <<< [apiv2][body] GET https://firebase.googleapis.com/v1beta1/projects [omitted]
[debug] [2026-08-31T12:53:52.733Z] HTTP Error: 401, Request had invalid authentication credentials. Expected OAuth 2 access token, login cookie or other valid authentication credential. See https://developers.google.com/identity/sign-in/web/devconsole-project.
[debug] [2026-08-31T12:53:52.890Z] FirebaseError: HTTP Error: 401, Request had invalid authentication credentials. Expected OAuth 2 access token, login cookie or other valid authentication credential. See https://developers.google.com/identity/sign-in/web/devconsole-project.
    at responseToError (/usr/local/lib/node_modules/firebase-tools/lib/responseToError.js:49:12)
    at RetryOperation._fn (/usr/local/lib/node_modules/firebase-tools/lib/apiv2.js:288:77)
    at process.processTicksAndRejections (node:internal/process/task_queues:95:5)
[error] 
[error] Error: Failed to list Firebase projects. See firebase-debug.log for more info.
